src/app/page.tsx(100,26): error TS2345: Argument of type 'TMDBResponse<Drama>' is not assignable to parameter of type 'SetStateAction<Drama[]>'.
src/app/page.tsx(101,25): error TS2345: Argument of type 'TMDBResponse<Drama>' is not assignable to parameter of type 'SetStateAction<Drama[]>'.
src/app/page.tsx(102,25): error TS2345: Argument of type 'TMDBResponse<Drama>' is not assignable to parameter of type 'SetStateAction<Drama[]>'.
src/app/page.tsx(103,26): error TS2345: Argument of type 'TMDBResponse<Drama>' is not assignable to parameter of type 'SetStateAction<Drama[]>'.
src/app/page.tsx(104,26): error TS2345: Argument of type 'TMDBResponse<Drama>' is not assignable to parameter of type 'SetStateAction<Drama[]>'.
src/app/page.tsx(105,24): error TS2345: Argument of type 'TMDBResponse<Drama>' is not assignable to parameter of type 'SetStateAction<Drama[]>'.
